
Running 2 tests using 1 worker

[1A[2K[1/2] [chromium] › e2e/resume-workflow.spec.ts:28:7 › Resume Workflow E2E Test › navigate to slide 2, reload, and resume back to slide 2
[1A[2K[chromium] › e2e/resume-workflow.spec.ts:28:7 › Resume Workflow E2E Test › navigate to slide 2, reload, and resume back to slide 2
Starting resume workflow test...

[1A[2KLoading course from: /Users/seth/Documents/GitHub/scorm-tester/references/real_course_examples/dist

[1A[2KCourse loaded successfully.

[1A[2KCourse content visible.

[1A[2KNext button found.

[1A[2KClicking Next button...

[1A[2K  1) [chromium] › e2e/resume-workflow.spec.ts:28:7 › Resume Workflow E2E Test › navigate to slide 2, reload, and resume back to slide 2 

    [31mTest timeout of 30000ms exceeded.[39m

    TimeoutError: locator.click: Timeout 30000ms exceeded.
    Call log:
    [2m  - waiting for locator('#content-frame').contentFrame().locator('#nextBtn')[22m
    [2m    - locator resolved to <button id="nextBtn" aria-label="Next" aria-disabled="false" data-action="nav-next" data-testid="nav-next" title="Go to next slide" class="btn btn-secondary" aria-describedby="nav-help" aria-keyshortcuts="Alt+Right">…</button>[22m
    [2m  - attempting click action[22m
    [2m    - waiting for element to be visible, enabled and stable[22m
    [2m    - element is visible, enabled and stable[22m
    [2m    - scrolling into view if needed[22m
    [2m    - done scrolling[22m
    [2m    - performing click action[22m


      69 |     // 4. Navigate to Slide 2
      70 |     console.log('Clicking Next button...');
    > 71 |     await nextBtn.click();
         |                   ^
      72 |     
      73 |     // Wait for navigation to complete (simple wait or check for slide change)
      74 |     await page.waitForTimeout(2000); 
        at /Users/seth/Documents/GitHub/scorm-tester/e2e/resume-workflow.spec.ts:71:19

    Error Context: test-results/resume-workflow-Resume-Wor-51b03--and-resume-back-to-slide-2-chromium/error-context.md


[1A[2K[2/2] [chromium] › e2e/resume-workflow.spec.ts:118:7 › Resume Workflow E2E Test › Resume workflow: Persists state and shows resume modal
[1A[2K  2) [chromium] › e2e/resume-workflow.spec.ts:118:7 › Resume Workflow E2E Test › Resume workflow: Persists state and shows resume modal 

    Error: browserType.launch: Executable doesn't exist at /Users/seth/Library/Caches/ms-playwright/chromium_headless_shell-1194/chrome-mac/headless_shell
    ╔═════════════════════════════════════════════════════════════════════════╗
    ║ Looks like Playwright Test or Playwright was just installed or updated. ║
    ║ Please run the following command to download new browsers:              ║
    ║                                                                         ║
    ║     npx playwright install                                              ║
    ║                                                                         ║
    ║ <3 Playwright Team                                                      ║
    ╚═════════════════════════════════════════════════════════════════════════╝

    Error Context: test-results/resume-workflow-Resume-Wor-3c8d5-tate-and-shows-resume-modal-chromium/error-context.md


[1A[2K  2 failed
    [chromium] › e2e/resume-workflow.spec.ts:28:7 › Resume Workflow E2E Test › navigate to slide 2, reload, and resume back to slide 2 
    [chromium] › e2e/resume-workflow.spec.ts:118:7 › Resume Workflow E2E Test › Resume workflow: Persists state and shows resume modal 
